// Jest Snapshot v1, https://goo.gl/fbAQLP

exports[`SNAP: matches snapshot 1`] = `[Function]`;
